============================= test session starts =============================
platform win32 -- Python 3.11.1, pytest-7.4.4, pluggy-1.6.0 -- C:\Users\SINCHANA H S\AppData\Local\Programs\Python\Python311\python.exe
cachedir: .pytest_cache
rootdir: D:\API HUB\API-HUB\backend
configfile: pytest.ini
plugins: anyio-4.12.1, asyncio-0.23.4, cov-4.1.0
asyncio: mode=Mode.AUTO
collecting ... collected 2 items

tests/test_persist_product.py::test_apparel_details_model_has_required_columns ERROR [ 50%]
tests/test_persist_product.py::test_print_details_model_has_required_columns ERROR [100%]

=================================== ERRORS ====================================
______ ERROR at setup of test_apparel_details_model_has_required_columns ______

request = <SubRequest '_cleanup_around_test' for <Coroutine test_apparel_details_model_has_required_columns>>
kwargs = {}, func = <function _cleanup_around_test at 0x000002E2E1DA00E0>
setup = <function _wrap_asyncgen_fixture.<locals>._asyncgen_fixture_wrapper.<locals>.setup at 0x000002E2E1E03F60>
finalizer = <function _wrap_asyncgen_fixture.<locals>._asyncgen_fixture_wrapper.<locals>.finalizer at 0x000002E2E1E03EC0>

    @functools.wraps(fixture)
    def _asyncgen_fixture_wrapper(request: SubRequest, **kwargs: Any):
        func = _perhaps_rebind_fixture_func(
            fixture, request.instance, fixturedef.unittest
        )
        event_loop = kwargs.pop(event_loop_fixture_id)
        gen_obj = func(
            **_add_kwargs(func, kwargs, event_loop_fixture_id, event_loop, request)
        )
    
        async def setup():
            res = await gen_obj.__anext__()
            return res
    
        def finalizer() -> None:
            """Yield again, to finalize."""
    
            async def async_finalizer() -> None:
                try:
                    await gen_obj.__anext__()
                except StopAsyncIteration:
                    pass
                else:
                    msg = "Async generator fixture didn't stop."
                    msg += "Yield only once."
                    raise ValueError(msg)
    
            event_loop.run_until_complete(async_finalizer())
    
>       result = event_loop.run_until_complete(setup())

C:\Users\SINCHANA H S\AppData\Local\Programs\Python\Python311\Lib\site-packages\pytest_asyncio\plugin.py:336: 
_ _ _ _ _ _ _ _ _ _ _ _ _ _ _ _ _ _ _ _ _ _ _ _ _ _ _ _ _ _ _ _ _ _ _ _ _ _ _ _
C:\Users\SINCHANA H S\AppData\Local\Programs\Python\Python311\Lib\asyncio\base_events.py:653: in run_until_complete
    return future.result()
C:\Users\SINCHANA H S\AppData\Local\Programs\Python\Python311\Lib\site-packages\pytest_asyncio\plugin.py:318: in setup
    res = await gen_obj.__anext__()
tests\conftest.py:108: in _cleanup_around_test
    await _cleanup_test_customers()
tests\conftest.py:61: in _cleanup_test_customers
    await s.execute(
C:\Users\SINCHANA H S\AppData\Local\Programs\Python\Python311\Lib\site-packages\sqlalchemy\ext\asyncio\session.py:449: in execute
    result = await greenlet_spawn(
C:\Users\SINCHANA H S\AppData\Local\Programs\Python\Python311\Lib\site-packages\sqlalchemy\util\_concurrency_py3k.py:201: in greenlet_spawn
    result = context.throw(*sys.exc_info())
C:\Users\SINCHANA H S\AppData\Local\Programs\Python\Python311\Lib\site-packages\sqlalchemy\orm\session.py:2351: in execute
    return self._execute_internal(
C:\Users\SINCHANA H S\AppData\Local\Programs\Python\Python311\Lib\site-packages\sqlalchemy\orm\session.py:2249: in _execute_internal
    result: Result[Any] = compile_state_cls.orm_execute_statement(
C:\Users\SINCHANA H S\AppData\Local\Programs\Python\Python311\Lib\site-packages\sqlalchemy\orm\bulk_persistence.py:2033: in orm_execute_statement
    return super().orm_execute_statement(
C:\Users\SINCHANA H S\AppData\Local\Programs\Python\Python311\Lib\site-packages\sqlalchemy\orm\context.py:306: in orm_execute_statement
    result = conn.execute(
C:\Users\SINCHANA H S\AppData\Local\Programs\Python\Python311\Lib\site-packages\sqlalchemy\engine\base.py:1419: in execute
    return meth(
C:\Users\SINCHANA H S\AppData\Local\Programs\Python\Python311\Lib\site-packages\sqlalchemy\sql\elements.py:527: in _execute_on_connection
    return connection._execute_clauseelement(
C:\Users\SINCHANA H S\AppData\Local\Programs\Python\Python311\Lib\site-packages\sqlalchemy\engine\base.py:1641: in _execute_clauseelement
    ret = self._execute_context(
C:\Users\SINCHANA H S\AppData\Local\Programs\Python\Python311\Lib\site-packages\sqlalchemy\engine\base.py:1846: in _execute_context
    return self._exec_single_context(
C:\Users\SINCHANA H S\AppData\Local\Programs\Python\Python311\Lib\site-packages\sqlalchemy\engine\base.py:1986: in _exec_single_context
    self._handle_dbapi_exception(
C:\Users\SINCHANA H S\AppData\Local\Programs\Python\Python311\Lib\site-packages\sqlalchemy\engine\base.py:2366: in _handle_dbapi_exception
    raise exc_info[1].with_traceback(exc_info[2])
C:\Users\SINCHANA H S\AppData\Local\Programs\Python\Python311\Lib\site-packages\sqlalchemy\engine\base.py:1967: in _exec_single_context
    self.dialect.do_execute(
C:\Users\SINCHANA H S\AppData\Local\Programs\Python\Python311\Lib\site-packages\sqlalchemy\engine\default.py:952: in do_execute
    cursor.execute(statement, parameters)
C:\Users\SINCHANA H S\AppData\Local\Programs\Python\Python311\Lib\site-packages\sqlalchemy\dialects\postgresql\asyncpg.py:585: in execute
    self._adapt_connection.await_(
C:\Users\SINCHANA H S\AppData\Local\Programs\Python\Python311\Lib\site-packages\sqlalchemy\util\_concurrency_py3k.py:132: in await_only
    return current.parent.switch(awaitable)  # type: ignore[no-any-return,attr-defined] # noqa: E501
C:\Users\SINCHANA H S\AppData\Local\Programs\Python\Python311\Lib\site-packages\sqlalchemy\util\_concurrency_py3k.py:196: in greenlet_spawn
    value = await result
C:\Users\SINCHANA H S\AppData\Local\Programs\Python\Python311\Lib\site-packages\sqlalchemy\dialects\postgresql\asyncpg.py:520: in _prepare_and_execute
    await adapt_connection._start_transaction()
C:\Users\SINCHANA H S\AppData\Local\Programs\Python\Python311\Lib\site-packages\sqlalchemy\dialects\postgresql\asyncpg.py:850: in _start_transaction
    self._handle_exception(error)
C:\Users\SINCHANA H S\AppData\Local\Programs\Python\Python311\Lib\site-packages\sqlalchemy\dialects\postgresql\asyncpg.py:799: in _handle_exception
    raise error
C:\Users\SINCHANA H S\AppData\Local\Programs\Python\Python311\Lib\site-packages\sqlalchemy\dialects\postgresql\asyncpg.py:848: in _start_transaction
    await self._transaction.start()
C:\Users\SINCHANA H S\AppData\Local\Programs\Python\Python311\Lib\site-packages\asyncpg\transaction.py:146: in start
    await self._connection.execute(query)
C:\Users\SINCHANA H S\AppData\Local\Programs\Python\Python311\Lib\site-packages\asyncpg\connection.py:354: in execute
    result = await self._protocol.query(query, timeout)
_ _ _ _ _ _ _ _ _ _ _ _ _ _ _ _ _ _ _ _ _ _ _ _ _ _ _ _ _ _ _ _ _ _ _ _ _ _ _ _

>   ???
E   RuntimeError: Task <Task pending name='Task-4' coro=<_wrap_asyncgen_fixture.<locals>._asyncgen_fixture_wrapper.<locals>.setup() running at C:\Users\SINCHANA H S\AppData\Local\Programs\Python\Python311\Lib\site-packages\pytest_asyncio\plugin.py:318> cb=[_run_until_complete_cb() at C:\Users\SINCHANA H S\AppData\Local\Programs\Python\Python311\Lib\asyncio\base_events.py:180]> got Future <Future pending cb=[BaseProtocol._on_waiter_completed()]> attached to a different loop

asyncpg/protocol/protocol.pyx:369: RuntimeError
_______ ERROR at setup of test_print_details_model_has_required_columns _______

self = <AdaptedConnection <asyncpg.connection.Connection object at 0x000002E2E1DF4E50>>

    async def _start_transaction(self):
        if self.isolation_level == "autocommit":
            return
    
        try:
            self._transaction = self._connection.transaction(
                isolation=self.isolation_level,
                readonly=self.readonly,
                deferrable=self.deferrable,
            )
>           await self._transaction.start()

C:\Users\SINCHANA H S\AppData\Local\Programs\Python\Python311\Lib\site-packages\sqlalchemy\dialects\postgresql\asyncpg.py:848: 
_ _ _ _ _ _ _ _ _ _ _ _ _ _ _ _ _ _ _ _ _ _ _ _ _ _ _ _ _ _ _ _ _ _ _ _ _ _ _ _
C:\Users\SINCHANA H S\AppData\Local\Programs\Python\Python311\Lib\site-packages\asyncpg\transaction.py:146: in start
    await self._connection.execute(query)
C:\Users\SINCHANA H S\AppData\Local\Programs\Python\Python311\Lib\site-packages\asyncpg\connection.py:354: in execute
    result = await self._protocol.query(query, timeout)
asyncpg/protocol/protocol.pyx:354: in query
    ???
_ _ _ _ _ _ _ _ _ _ _ _ _ _ _ _ _ _ _ _ _ _ _ _ _ _ _ _ _ _ _ _ _ _ _ _ _ _ _ _

>   ???
E   asyncpg.exceptions._base.InterfaceError: cannot perform operation: another operation is in progress

asyncpg/protocol/protocol.pyx:735: InterfaceError

The above exception was the direct cause of the following exception:

self = <sqlalchemy.engine.base.Connection object at 0x000002E2E4911ED0>
dialect = <sqlalchemy.dialects.postgresql.asyncpg.PGDialect_asyncpg object at 0x000002E2E0D2DBD0>
context = <sqlalchemy.dialects.postgresql.asyncpg.PGExecutionContext_asyncpg object at 0x000002E2E4912090>
statement = <sqlalchemy.dialects.postgresql.asyncpg.PGCompiler_asyncpg object at 0x000002E2E1F12790>
parameters = [('https://test.ops.com', 'https://test2.ops.com', 'https://test3.ops.com')]

    def _exec_single_context(
        self,
        dialect: Dialect,
        context: ExecutionContext,
        statement: Union[str, Compiled],
        parameters: Optional[_AnyMultiExecuteParams],
    ) -> CursorResult[Any]:
        """continue the _execute_context() method for a single DBAPI
        cursor.execute() or cursor.executemany() call.
    
        """
        if dialect.bind_typing is BindTyping.SETINPUTSIZES:
            generic_setinputsizes = context._prepare_set_input_sizes()
    
            if generic_setinputsizes:
                try:
                    dialect.do_set_input_sizes(
                        context.cursor, generic_setinputsizes, context
                    )
                except BaseException as e:
                    self._handle_dbapi_exception(
                        e, str(statement), parameters, None, context
                    )
    
        cursor, str_statement, parameters = (
            context.cursor,
            context.statement,
            context.parameters,
        )
    
        effective_parameters: Optional[_AnyExecuteParams]
    
        if not context.executemany:
            effective_parameters = parameters[0]
        else:
            effective_parameters = parameters
    
        if self._has_events or self.engine._has_events:
            for fn in self.dispatch.before_cursor_execute:
                str_statement, effective_parameters = fn(
                    self,
                    cursor,
                    str_statement,
                    effective_parameters,
                    context,
                    context.executemany,
                )
    
        if self._echo:
            self._log_info(str_statement)
    
            stats = context._get_cache_stats()
    
            if not self.engine.hide_parameters:
                self._log_info(
                    "[%s] %r",
                    stats,
                    sql_util._repr_params(
                        effective_parameters,
                        batches=10,
                        ismulti=context.executemany,
                    ),
                )
            else:
                self._log_info(
                    "[%s] [SQL parameters hidden due to hide_parameters=True]",
                    stats,
                )
    
        evt_handled: bool = False
        try:
            if context.execute_style is ExecuteStyle.EXECUTEMANY:
                effective_parameters = cast(
                    "_CoreMultiExecuteParams", effective_parameters
                )
                if self.dialect._has_events:
                    for fn in self.dialect.dispatch.do_executemany:
                        if fn(
                            cursor,
                            str_statement,
                            effective_parameters,
                            context,
                        ):
                            evt_handled = True
                            break
                if not evt_handled:
                    self.dialect.do_executemany(
                        cursor,
                        str_statement,
                        effective_parameters,
                        context,
                    )
            elif not effective_parameters and context.no_parameters:
                if self.dialect._has_events:
                    for fn in self.dialect.dispatch.do_execute_no_params:
                        if fn(cursor, str_statement, context):
                            evt_handled = True
                            break
                if not evt_handled:
                    self.dialect.do_execute_no_params(
                        cursor, str_statement, context
                    )
            else:
                effective_parameters = cast(
                    "_CoreSingleExecuteParams", effective_parameters
                )
                if self.dialect._has_events:
                    for fn in self.dialect.dispatch.do_execute:
                        if fn(
                            cursor,
                            str_statement,
                            effective_parameters,
                            context,
                        ):
                            evt_handled = True
                            break
                if not evt_handled:
>                   self.dialect.do_execute(
                        cursor, str_statement, effective_parameters, context
                    )

C:\Users\SINCHANA H S\AppData\Local\Programs\Python\Python311\Lib\site-packages\sqlalchemy\engine\base.py:1967: 
_ _ _ _ _ _ _ _ _ _ _ _ _ _ _ _ _ _ _ _ _ _ _ _ _ _ _ _ _ _ _ _ _ _ _ _ _ _ _ _
C:\Users\SINCHANA H S\AppData\Local\Programs\Python\Python311\Lib\site-packages\sqlalchemy\engine\default.py:952: in do_execute
    cursor.execute(statement, parameters)
C:\Users\SINCHANA H S\AppData\Local\Programs\Python\Python311\Lib\site-packages\sqlalchemy\dialects\postgresql\asyncpg.py:585: in execute
    self._adapt_connection.await_(
C:\Users\SINCHANA H S\AppData\Local\Programs\Python\Python311\Lib\site-packages\sqlalchemy\util\_concurrency_py3k.py:132: in await_only
    return current.parent.switch(awaitable)  # type: ignore[no-any-return,attr-defined] # noqa: E501
C:\Users\SINCHANA H S\AppData\Local\Programs\Python\Python311\Lib\site-packages\sqlalchemy\util\_concurrency_py3k.py:196: in greenlet_spawn
    value = await result
C:\Users\SINCHANA H S\AppData\Local\Programs\Python\Python311\Lib\site-packages\sqlalchemy\dialects\postgresql\asyncpg.py:520: in _prepare_and_execute
    await adapt_connection._start_transaction()
C:\Users\SINCHANA H S\AppData\Local\Programs\Python\Python311\Lib\site-packages\sqlalchemy\dialects\postgresql\asyncpg.py:850: in _start_transaction
    self._handle_exception(error)
_ _ _ _ _ _ _ _ _ _ _ _ _ _ _ _ _ _ _ _ _ _ _ _ _ _ _ _ _ _ _ _ _ _ _ _ _ _ _ _

self = <AdaptedConnection <asyncpg.connection.Connection object at 0x000002E2E1DF4E50>>
error = InterfaceError('cannot perform operation: another operation is in progress')

    def _handle_exception(self, error):
        if self._connection.is_closed():
            self._transaction = None
            self._started = False
    
        if not isinstance(error, AsyncAdapt_asyncpg_dbapi.Error):
            exception_mapping = self.dbapi._asyncpg_error_translate
    
            for super_ in type(error).__mro__:
                if super_ in exception_mapping:
                    translated_error = exception_mapping[super_](
                        "%s: %s" % (type(error), error)
                    )
                    translated_error.pgcode = translated_error.sqlstate = (
                        getattr(error, "sqlstate", None)
                    )
>                   raise translated_error from error
E                   sqlalchemy.dialects.postgresql.asyncpg.AsyncAdapt_asyncpg_dbapi.InterfaceError: <class 'asyncpg.exceptions._base.InterfaceError'>: cannot perform operation: another operation is in progress

C:\Users\SINCHANA H S\AppData\Local\Programs\Python\Python311\Lib\site-packages\sqlalchemy\dialects\postgresql\asyncpg.py:797: InterfaceError

The above exception was the direct cause of the following exception:

request = <SubRequest '_cleanup_around_test' for <Coroutine test_print_details_model_has_required_columns>>
kwargs = {}, func = <function _cleanup_around_test at 0x000002E2E1DA00E0>
setup = <function _wrap_asyncgen_fixture.<locals>._asyncgen_fixture_wrapper.<locals>.setup at 0x000002E2E1E01300>
finalizer = <function _wrap_asyncgen_fixture.<locals>._asyncgen_fixture_wrapper.<locals>.finalizer at 0x000002E2E1FA3F60>

    @functools.wraps(fixture)
    def _asyncgen_fixture_wrapper(request: SubRequest, **kwargs: Any):
        func = _perhaps_rebind_fixture_func(
            fixture, request.instance, fixturedef.unittest
        )
        event_loop = kwargs.pop(event_loop_fixture_id)
        gen_obj = func(
            **_add_kwargs(func, kwargs, event_loop_fixture_id, event_loop, request)
        )
    
        async def setup():
            res = await gen_obj.__anext__()
            return res
    
        def finalizer() -> None:
            """Yield again, to finalize."""
    
            async def async_finalizer() -> None:
                try:
                    await gen_obj.__anext__()
                except StopAsyncIteration:
                    pass
                else:
                    msg = "Async generator fixture didn't stop."
                    msg += "Yield only once."
                    raise ValueError(msg)
    
            event_loop.run_until_complete(async_finalizer())
    
>       result = event_loop.run_until_complete(setup())

C:\Users\SINCHANA H S\AppData\Local\Programs\Python\Python311\Lib\site-packages\pytest_asyncio\plugin.py:336: 
_ _ _ _ _ _ _ _ _ _ _ _ _ _ _ _ _ _ _ _ _ _ _ _ _ _ _ _ _ _ _ _ _ _ _ _ _ _ _ _
C:\Users\SINCHANA H S\AppData\Local\Programs\Python\Python311\Lib\asyncio\base_events.py:653: in run_until_complete
    return future.result()
C:\Users\SINCHANA H S\AppData\Local\Programs\Python\Python311\Lib\site-packages\pytest_asyncio\plugin.py:318: in setup
    res = await gen_obj.__anext__()
tests\conftest.py:108: in _cleanup_around_test
    await _cleanup_test_customers()
tests\conftest.py:61: in _cleanup_test_customers
    await s.execute(
C:\Users\SINCHANA H S\AppData\Local\Programs\Python\Python311\Lib\site-packages\sqlalchemy\ext\asyncio\session.py:449: in execute
    result = await greenlet_spawn(
C:\Users\SINCHANA H S\AppData\Local\Programs\Python\Python311\Lib\site-packages\sqlalchemy\util\_concurrency_py3k.py:201: in greenlet_spawn
    result = context.throw(*sys.exc_info())
C:\Users\SINCHANA H S\AppData\Local\Programs\Python\Python311\Lib\site-packages\sqlalchemy\orm\session.py:2351: in execute
    return self._execute_internal(
C:\Users\SINCHANA H S\AppData\Local\Programs\Python\Python311\Lib\site-packages\sqlalchemy\orm\session.py:2249: in _execute_internal
    result: Result[Any] = compile_state_cls.orm_execute_statement(
C:\Users\SINCHANA H S\AppData\Local\Programs\Python\Python311\Lib\site-packages\sqlalchemy\orm\bulk_persistence.py:2033: in orm_execute_statement
    return super().orm_execute_statement(
C:\Users\SINCHANA H S\AppData\Local\Programs\Python\Python311\Lib\site-packages\sqlalchemy\orm\context.py:306: in orm_execute_statement
    result = conn.execute(
C:\Users\SINCHANA H S\AppData\Local\Programs\Python\Python311\Lib\site-packages\sqlalchemy\engine\base.py:1419: in execute
    return meth(
C:\Users\SINCHANA H S\AppData\Local\Programs\Python\Python311\Lib\site-packages\sqlalchemy\sql\elements.py:527: in _execute_on_connection
    return connection._execute_clauseelement(
C:\Users\SINCHANA H S\AppData\Local\Programs\Python\Python311\Lib\site-packages\sqlalchemy\engine\base.py:1641: in _execute_clauseelement
    ret = self._execute_context(
C:\Users\SINCHANA H S\AppData\Local\Programs\Python\Python311\Lib\site-packages\sqlalchemy\engine\base.py:1846: in _execute_context
    return self._exec_single_context(
C:\Users\SINCHANA H S\AppData\Local\Programs\Python\Python311\Lib\site-packages\sqlalchemy\engine\base.py:1986: in _exec_single_context
    self._handle_dbapi_exception(
C:\Users\SINCHANA H S\AppData\Local\Programs\Python\Python311\Lib\site-packages\sqlalchemy\engine\base.py:2363: in _handle_dbapi_exception
    raise sqlalchemy_exception.with_traceback(exc_info[2]) from e
C:\Users\SINCHANA H S\AppData\Local\Programs\Python\Python311\Lib\site-packages\sqlalchemy\engine\base.py:1967: in _exec_single_context
    self.dialect.do_execute(
C:\Users\SINCHANA H S\AppData\Local\Programs\Python\Python311\Lib\site-packages\sqlalchemy\engine\default.py:952: in do_execute
    cursor.execute(statement, parameters)
C:\Users\SINCHANA H S\AppData\Local\Programs\Python\Python311\Lib\site-packages\sqlalchemy\dialects\postgresql\asyncpg.py:585: in execute
    self._adapt_connection.await_(
C:\Users\SINCHANA H S\AppData\Local\Programs\Python\Python311\Lib\site-packages\sqlalchemy\util\_concurrency_py3k.py:132: in await_only
    return current.parent.switch(awaitable)  # type: ignore[no-any-return,attr-defined] # noqa: E501
C:\Users\SINCHANA H S\AppData\Local\Programs\Python\Python311\Lib\site-packages\sqlalchemy\util\_concurrency_py3k.py:196: in greenlet_spawn
    value = await result
C:\Users\SINCHANA H S\AppData\Local\Programs\Python\Python311\Lib\site-packages\sqlalchemy\dialects\postgresql\asyncpg.py:520: in _prepare_and_execute
    await adapt_connection._start_transaction()
C:\Users\SINCHANA H S\AppData\Local\Programs\Python\Python311\Lib\site-packages\sqlalchemy\dialects\postgresql\asyncpg.py:850: in _start_transaction
    self._handle_exception(error)
_ _ _ _ _ _ _ _ _ _ _ _ _ _ _ _ _ _ _ _ _ _ _ _ _ _ _ _ _ _ _ _ _ _ _ _ _ _ _ _

self = <AdaptedConnection <asyncpg.connection.Connection object at 0x000002E2E1DF4E50>>
error = InterfaceError('cannot perform operation: another operation is in progress')

    def _handle_exception(self, error):
        if self._connection.is_closed():
            self._transaction = None
            self._started = False
    
        if not isinstance(error, AsyncAdapt_asyncpg_dbapi.Error):
            exception_mapping = self.dbapi._asyncpg_error_translate
    
            for super_ in type(error).__mro__:
                if super_ in exception_mapping:
                    translated_error = exception_mapping[super_](
                        "%s: %s" % (type(error), error)
                    )
                    translated_error.pgcode = translated_error.sqlstate = (
                        getattr(error, "sqlstate", None)
                    )
>                   raise translated_error from error
E                   sqlalchemy.exc.InterfaceError: (sqlalchemy.dialects.postgresql.asyncpg.InterfaceError) <class 'asyncpg.exceptions._base.InterfaceError'>: cannot perform operation: another operation is in progress
E                   [SQL: DELETE FROM customers WHERE customers.ops_base_url IN ($1::VARCHAR, $2::VARCHAR, $3::VARCHAR)]
E                   [parameters: ('https://test.ops.com', 'https://test2.ops.com', 'https://test3.ops.com')]
E                   (Background on this error at: https://sqlalche.me/e/20/rvf5)

C:\Users\SINCHANA H S\AppData\Local\Programs\Python\Python311\Lib\site-packages\sqlalchemy\dialects\postgresql\asyncpg.py:797: InterfaceError
============================== warnings summary ===============================
modules\ops_config\schemas.py:15
  D:\API HUB\API-HUB\backend\modules\ops_config\schemas.py:15: PydanticDeprecatedSince20: Support for class-based `config` is deprecated, use ConfigDict instead. Deprecated in Pydantic V2.0 to be removed in V3.0. See Pydantic V2 Migration Guide at https://errors.pydantic.dev/2.13/migration/
    class ProductStorefrontConfigRead(ProductStorefrontConfigBase):

C:\Users\SINCHANA H S\AppData\Local\Programs\Python\Python311\Lib\site-packages\_pytest\config\__init__.py:1373
  C:\Users\SINCHANA H S\AppData\Local\Programs\Python\Python311\Lib\site-packages\_pytest\config\__init__.py:1373: PytestConfigWarning: Unknown config option: asyncio_default_fixture_loop_scope
  
    self._warn_or_fail_if_strict(f"Unknown config option: {key}\n")

C:\Users\SINCHANA H S\AppData\Local\Programs\Python\Python311\Lib\site-packages\_pytest\config\__init__.py:1373
  C:\Users\SINCHANA H S\AppData\Local\Programs\Python\Python311\Lib\site-packages\_pytest\config\__init__.py:1373: PytestConfigWarning: Unknown config option: asyncio_default_test_loop_scope
  
    self._warn_or_fail_if_strict(f"Unknown config option: {key}\n")

tests/test_persist_product.py::test_apparel_details_model_has_required_columns
  C:\Users\SINCHANA H S\AppData\Local\Programs\Python\Python311\Lib\site-packages\pytest_asyncio\plugin.py:656: DeprecationWarning: There is no current event loop
    old_loop = asyncio.get_event_loop()

-- Docs: https://docs.pytest.org/en/stable/how-to/capture-warnings.html
=========================== short test summary info ===========================
ERROR tests/test_persist_product.py::test_apparel_details_model_has_required_columns
ERROR tests/test_persist_product.py::test_print_details_model_has_required_columns
======================== 4 warnings, 2 errors in 2.28s ========================
